RAM Allocation
Variable                                                          Address   Size
--------------------------------------------------------------------------------
hall_sensor_value                                                 0x0500       4
RXC_BUFF                                                          0x0504      20
Time                                                              0x0518       4
_seed                                                             0x051C       4

EEPROM Allocation
Variable                                                          Address   Size
--------------------------------------------------------------------------------

Register Allocation
Variable                                                          Register  Size
--------------------------------------------------------------------------------
RXC_index                                                         R7           1
SET_RXC1                                                          R6           1
recByte                                                           R9           1
BUFF                                                              R8           1
update                                                            R11          1
