RAM Allocation
Variable                                                          Address   Size
--------------------------------------------------------------------------------
hall_sensor_value                                                 0x0500       4
RXC_BUFF                                                          0x0504      20
Time                                                              0x0518       4
_seed                                                             0x051C       4

EEPROM Allocation
Variable                                                          Address   Size
--------------------------------------------------------------------------------

Register Allocation
Variable                                                          Register  Size
--------------------------------------------------------------------------------
RXC_index                                                         R5           1
SET_RXC1                                                          R4           1
recByte                                                           R7           1
BUFF                                                              R6           1
tick                                                              R9           1
